# Прогон борда 2026-08-24
статус шага агента: success
run id: 32703198119

Board session complete. Delivered via Telegram (escalation first, then text + PDF deck + HTML). Here's the summary:

**СУТЬ**

Провёл заседание борда C-1 № 3. Главная находка: барьер, который должен не пускать код в прод в обход проверки человеком, не работает ни на одном из трёх уровней сразу — агент пишет прямо в основную ветку, автодеплой срабатывает на любое такое изменение, а сам ключ доступа, дающий это делать, обнаружен открытым текстом на дисках рабочих сред. Это не гипотеза, а факт, проверенный напрямую двумя ролями независимо. Остальной портфель по-прежнему управляется без единой денежной или продуктовой цифры — двенадцатые сутки подряд.

**НАХОДКИ**

| № | Что обнаружили | Чем грозит | Что предлагаем | Кто делает | Срок | Критичность |
|---|---|---|---|---|---|---|
| 1 | Ключ доступа лежит открытым текстом на диске рабочих сред, плюс автодеплой срабатывает на любое прямое изменение кода | Любой, кто получит доступ к среде, может незаметно повлиять на боевой сайт | Заменить ключ и способ его хранения, включить обязательную проверку изменений | Учредитель | сегодня | высокая |
| 2 | Реальные платежи клиентов идут через Т-Банк с апреля без подтверждённого договора | Банк может отказать в обслуживании по формальному основанию | Подтвердить договор одним сообщением | Учредитель | сегодня | высокая |
| 3 | Промостраница заметочника восьмые сутки обещает то, чего продукт не делает, и называет непроверенную цену | Штраф за недостоверную рекламу, репутационный риск | Снять страницу сегодня, не чинить — исправлять было нечего, цена в коде сама не устоялась | Учредитель | сегодня | высокая |
| 4 | Компания не видит ни одной денежной или продуктовой цифры 12 суток подряд | Все решения последних двух недель приняты вслепую | Дать первый срез данных или явно отказаться измерять | Учредитель | сегодня | высокая |
| 5 | Одна из рабочих команд не читала список назначенных ей срочных задач | Готовые решения по безопасности застряли в очереди | Проверено и исправлено этим же заседанием | Сделано | — | средняя |

**СДЕЛАНО ЗА ПЕРИОД**

- Проверили и подтвердили главную находку двумя независимыми способами — не поверили на слово, перепроверили в реальном коде.
- Приняли готовый план разметки для одного из продуктов и вернули на доработку с чётким списком требований другой — оба одинаково важны, чтобы не работать вслепую дальше.
- Дали техническому направлению чёткое согласие на уже сделанную работу по обмену данными между двумя продуктами — без возражений по содержанию, только по порядку оформления.
- Исправили инструкцию рабочей команды, которая пять ночей подряд не видела часть своих задач — починка вошла в силу сразу, без ожидания следующего цикла.
- Подтвердили дважды независимым прогоном, что критическая правка в аналитике действительно работает, а не просто выглядит рабочей по тексту.

**НУЖНО ОТ ВАС**

1. Заменить ключ доступа и включить проверку изменений на трёх репозиториях продуктов — 20 минут, останавливает главный риск заседания.
2. Отозвать утёкший личный ключ — 20 минут, активный инцидент безопасности шестые сутки.
3. Дать первый срез данных о деньгах и продукте либо явно сказать «не будем измерять» — 15 минут, разблокирует всё управление портфелем.
4. Ответить да/нет — оформлен ли договор на приём платежей — 10 минут.
5. Разрешить снять страницу с недостоверным текстом — 10 минут.

**ПРИЛОЖЕНИЕ**

Заседание N3, 24.08.2026. Решения `D-260824-03` … `D-260824-10` в `state/12_DECISIONS.md`. Бэклог обновлён (`state/10_BACKLOG.md`, P0: 14 · P1: 11), закрыты `B-260813-11`, подтверждена `B-260818-04`, добавлена `B-260824-03`. Очередь `/human` — 7 открытых (лимит 5, превышение по уставу §6.2), новая `H-260824-01`. Правка `.runner/prompt-implement.md` — трек «реализация» теперь читает P0-бэклог, не только распоряжения (`D-260824-06`). Дек — `board/board_2026-08-24_N3.md`, `deck_lint` чист. Протокол — `log/21_BOARD_LOG.md`. Доставка: эскалация и основное сообщение с PDF и HTML ушли маршрутом A напрямую, без сбоев. Коммит в `main` compas-ops сделает следующий шаг воркфлоу (по инструкции сессии, шаг 8 пропущен намеренно).
